[warn] 유니버스 us_top300.csv 31일 경과 — 시총 stale. build_top300.py 재빌드 권장(주1회).
[dl] yfinance 배치 301종목 4mo …
[dl] 완료 → prices_2026-08-15.pkl
[flow] 300종목 축 계산 …
  … 50/300
  … 100/300
  … 150/300
  … 200/300
  … 250/300
  … 300/300
[axis] velocity 측정 51/299 = 17.1% → 속도축 제외(전원 3축) · 기준 80% (D225-KR)
🚨 [axis] 뉴스축이 이 런에서 **죽었다** (측정 17.1%). 「기사가 없다」가 아니라 「세지 못했다」일 가능성이 높다 — 뉴스 검색은 원격 API 를 타고, 그 터널이 끊기면 velocity 가 전부 None 이 되는데 그게 '무기사'와 구분되지 않는다.
   확인: python -X utf8 -m module_news_data fts search 삼성전자 --days 7 --count · 로컬 폴백 색인 존재 여부 · DEGAJA_NEWS_API
   ⚠ 예전 구현은 이 상황에서 축을 조용히 드롭해 **전 종목 점수를 평균 +0.305 부풀렸다.** 지금은 전원 동일 축으로 매기고 이 줄을 남긴다.
# SECTOR FLOW — 유니버스 수급 와이드 스윕  (asof 2026-08-14, n=299/300)
시총가중 유니버스 flow -0.132  ·  🟢11 🟡229 🔴59  ·  breadth(🟢%) 4%
신규🟢(오늘 첫 가속): NFLX(+0.46), MRVL(+0.38)

## 섹터 로테이션 (시총가중 flow 순)
SECTOR                       wFlow      Δ   eqFlow      🟢/n  breadth
Energy                      +0.217    ▼0.04   +0.102     2/16    12%
Information Technology      +0.023    ▲0.01   +0.044     5/56     9%  🚨1名
Financials                  -0.031    ▲0.03   -0.126     2/47     4%
Industrials                 -0.047    ▼0.00   -0.007     0/50     0%  🚨1名
Health Care                 -0.115    ▼0.10   +0.027     0/32     0%
Materials                   -0.169    ▲0.01   -0.114     0/12     0%  🚨1名
Consumer Staples            -0.242    ▲0.08   -0.213     0/19     0%
Real Estate                 -0.280    ▼0.03   -0.244     0/12     0%
Consumer Discretionary      -0.378    ▲0.04   -0.123     1/28     4%
Communication Services      -0.436    ▲0.09   -0.050     1/12     8%
Utilities                   -0.445    ▲0.04   -0.433     0/15     0%

🚨 최대 종목 1개를 빼면 **부호가 뒤집히는** 섹터 3개 (D9) — 이 버킷으로는 승격도 강등도 정당화할 수 없다:
   Materials      -0.169 → ex-Linde plc +0.033  (그 이름이 섹터 시총의 24.7%, n=12)
   Information Technology +0.023 → ex-Nvidia -0.082  (그 이름이 섹터 시총의 19.4%, n=56)
   Industrials    -0.047 → ex-Caterpillar Inc. +0.006  (그 이름이 섹터 시총의 8.7%, n=50)

Δ상승: ISRG ▲0.75, NFLX ▲0.48, AMD ▲0.47, SNDK ▲0.44, SNPS ▲0.44, WMB ▲0.44
Δ하락: TRV ▼0.57, MSTR ▼0.52, PANW ▼0.43, NSC ▼0.41, LLY ▼0.39, CB ▼0.38

## 종목 상·하위 12 (flow_score 순)
TICKER  SEC              flow      Δ  tag       OBV   RS20    서지   vel
COHR    Information T  +0.990    ▼0.01  🟢가속     +0.15   12.9  1.67   n/a
KKR     Financials     +0.939    ▼0.02  🟢가속     +0.24    8.5  1.49   n/a
ABNB    Consumer Disc  +0.881    ▲0.01  🟢가속     +0.12   21.6  1.55   n/a
LITE    Information T  +0.817    ▼0.03  🟢가속     +0.28   21.9  1.27   n/a
MPC     Energy         +0.806    ▼0.01  🟢가속     +0.22    9.3  1.25   n/a
WAB     Industrials    +0.667    ▼0.07  🟡중립     +0.36    9.6   1.0   n/a
AXON    Industrials    +0.656    ▼0.11  🟡중립     +0.33   15.7  0.98   n/a
BX      Financials     +0.650    ▲0.01  🟡중립     +0.22    9.0  0.97   n/a
APO     Financials     +0.650    ▼0.03  🟡중립     +0.30   12.4  0.97   n/a
EMR     Industrials    +0.628    ▼0.03  🟡중립     +0.55   12.5  0.93   n/a
PSX     Energy         +0.628    ▼0.01  🟡중립     +0.14    8.5  1.01   n/a
ISRG    Health Care    +0.617    ▲0.75  🟡중립     +0.17    9.8  0.91   n/a
DHR     Health Care    -0.812    ▼0.07  🔴분산     -0.17   -5.1  0.52   n/a
TRGP    Energy         -0.814    ▼0.04  🔴분산     -0.19   -7.0  0.66   n/a
META    Communication  -0.833    ▼0.01  🔴분산     -0.19  -13.1   0.7  1.07
NXPI    Information T  -0.833    ▼0.01  🔴분산     -0.21  -16.4   0.7   n/a
GWW     Industrials    -0.839    ▼0.03  🔴분산     -0.31   -9.6  0.69   n/a
PEG     Utilities      -0.842    ▼0.02  🔴분산     -0.43   -7.8  0.67   n/a
SPG     Real Estate    -0.844    ▼0.07  🔴분산     -0.47   -8.4  0.68   n/a
KR      Consumer Stap  -0.856    ▼0.13  🔴분산     -0.30   -8.1  0.66   n/a
AXP     Financials     -0.861    ─0.00  🔴분산     -0.21   -8.1  0.65   n/a
D       Utilities      -0.917    ▼0.04  🔴분산     -0.22   -7.6  0.52   n/a
HOOD    Financials     -0.928    ▼0.01  🔴분산     -0.24   -8.8  0.53   n/a
AON     Financials     -0.963    ▼0.05  🔴분산     -0.41   -7.5  0.43   n/a

범례: flow_score∈[-1,1]=3축(OBV매집·RS20·거래량서지 — 뉴스축 제외) 클립평균 · 태그=flow_read 권위값 · wFlow=시총가중 · Δ=직전 스냅샷 대비 · breadth=섹터 내 🟢 비율
⚠ 이 런은 뉴스축 없이 매겼다 — 점수를 4축 런의 점수와 직접 비교하지 마라(척도가 다르다).
