[info] shortlist 15종 — KIS 투자자별 순매수 조회(20일) …

[saved] C:\Users\fivep\DeGaJaFinance\llm_outputs\2026-09-08\industry_KR\KR_LIVE_SHORTLIST.json
# KR LIVE SHORTLIST — 와이드스윕→필터→KIS 실측  (asof 2026-09-04)
필터: 시총≥1.0조 · 태그 🟢가속 · flow_score desc top15 → 15종 · KIS 투자자 20일 누적

TICKER     종목          flow    뉴스   OBV  RS20     외국인      기관      개인  판정
000880.KS  한화         +1.00   n/a +0.67  19.2    +34만     +1만    -34만  ✅진짜손(외국인/기관 순매수)
088350.KS  한화생명       +1.00   n/a +0.32  23.1   +514만   +590만  -1096만  ✅진짜손(외국인/기관 순매수)
052690.KS  한전기술       +1.00   n/a +0.52  13.8    -61만    +11만    +51만  ❌약한손(개인 흡수·외국인 이탈)
336260.KS  두산퓨얼셀      +1.00   n/a +0.35  57.1   -180만   +184만    -10만  ✅진짜손(외국인/기관 순매수)
020150.KS  롯데에너지머티리얼  +1.00   n/a +0.39  17.5    -75만    +53만    +21만  ❌약한손(개인 흡수·외국인 이탈)
066970.KS  엘앤에프       +0.92   n/a +0.12  20.7   -132만   +101만    +28만  ❌약한손(개인 흡수·외국인 이탈)
020560.KS  아시아나항공     +0.86   n/a +0.34   4.7    +41만    +73만   -111만  ✅진짜손(외국인/기관 순매수)
089860.KS  롯데렌탈       +0.86   n/a +0.32  18.3    -37만    +12만    +23만  ❌약한손(개인 흡수·외국인 이탈)
008930.KS  한미사이언스     +0.78   n/a +0.43  15.2    -12만    +90만    -75만  ✅진짜손(외국인/기관 순매수)
010950.KS  S-Oil      +0.72  2.12 +0.23   8.3     -3만    +64만    -61만  ✅진짜손(외국인/기관 순매수)
175330.KS  JB금융지주     +0.68   n/a +0.23   2.6    -41만   +100만    -56만  ✅진짜손(외국인/기관 순매수)
022100.KS  포스코DX      +0.67   n/a +0.89   0.1     -8만   +905만     -3만  ✅진짜손(외국인/기관 순매수)
361610.KS  SK아이이테크놀로  +0.50   n/a +0.10   3.2   +153만    -79만    -50만  ✅진짜손(외국인/기관 순매수)
138040.KS  메리츠금융지주    +0.48  1.93 +0.23  -0.3     +1만    +48만    -47만  ✅진짜손(외국인/기관 순매수)
028260.KS  삼성물산       +0.45  1.83 +0.22   7.9     -4만    +13만     -8만  ✅진짜손(외국인/기관 순매수)

★ 진짜 LIVE (🟢 AND 외국인/기관 순매수): 한화(000880.KS), 한화생명(088350.KS), 두산퓨얼셀(336260.KS), 아시아나항공(020560.KS), 한미사이언스(008930.KS), S-Oil(010950.KS), JB금융지주(175330.KS), 포스코DX(022100.KS), SK아이이테크놀로지(361610.KS), 메리츠금융지주(138040.KS), 삼성물산(028260.KS)

해석: 외국인+기관 순매수(진짜손) = OBV '매집'을 실측 확증 · 개인 흡수(약한손) = 🟢를 무효화(꼭지위험).
