[info] shortlist 15종 — KIS 투자자별 순매수 조회(20일) …

[saved] C:\Users\fivep\DeGaJaFinance\llm_outputs\2026-09-13\industry_KR\KR_LIVE_SHORTLIST.json
# KR LIVE SHORTLIST — 와이드스윕→필터→KIS 실측  (asof 2026-09-11)
필터: 시총≥1.0조 · 태그 🟢가속 · flow_score desc top15 → 15종 · KIS 투자자 20일 누적

TICKER     종목          flow    뉴스   OBV  RS20     외국인      기관      개인  판정
000500.KS  가온전선       +1.00   n/a +0.42  50.7     +7만    +33만    -41만  ✅진짜손(외국인/기관 순매수)
052690.KS  한전기술       +1.00   n/a +0.75  50.9    -93만    +42만    +51만  ❌약한손(개인 흡수·외국인 이탈)
336260.KS  두산퓨얼셀      +1.00   n/a +0.17  26.7   -179만   +145만    +31만  ❌약한손(개인 흡수·외국인 이탈)
375500.KS  DL이앤씨      +1.00   n/a +0.50  15.3    -56만    +61만   -125만  ✅진짜손(외국인/기관 순매수)
012630.KS  HDC        +1.00   n/a +0.55  26.2    +39만     -3만    -33만  ✅진짜손(외국인/기관 순매수)
443060.KS  HD현대마린솔루션  +0.97   n/a +0.23  21.8     +5만    +12만    -17만  ✅진짜손(외국인/기관 순매수)
047040.KS  대우건설       +0.95   n/a +0.38   6.7   -463만   +222만   +238만  ❌약한손(개인 흡수·외국인 이탈)
034020.KS  두산에너빌리티    +0.94   n/a +0.37  10.8   -400만   +525만   -131만  ✅진짜손(외국인/기관 순매수)
000720.KS  현대건설       +0.90   n/a +0.32  17.2   -147만   +223만    -77만  ✅진짜손(외국인/기관 순매수)
020150.KS  롯데에너지머티리얼  +0.88   n/a +0.34  20.4    -72만    +67만     +4만  ❌약한손(개인 흡수·외국인 이탈)
000990.KS  DB하이텍      +0.86   n/a +0.28   4.7   -139만    +86만    +52만  ❌약한손(개인 흡수·외국인 이탈)
051600.KS  한전KPS      +0.80   n/a +0.39   5.3    -23만    +11만     -5만  △혼조
008930.KS  한미사이언스     +0.78   n/a +0.34  12.0    -16만    +94만    -76만  ✅진짜손(외국인/기관 순매수)
000150.KS  두산         +0.71   n/a +0.44   6.0    -10만    +10만     +0만  ❌약한손(개인 흡수·외국인 이탈)
062040.KS  산일전기       +0.67   n/a +0.21   4.2    -40만     +6만    +33만  ❌약한손(개인 흡수·외국인 이탈)

★ 진짜 LIVE (🟢 AND 외국인/기관 순매수): 가온전선(000500.KS), DL이앤씨(375500.KS), HDC(012630.KS), HD현대마린솔루션(443060.KS), 두산에너빌리티(034020.KS), 현대건설(000720.KS), 한미사이언스(008930.KS)

해석: 외국인+기관 순매수(진짜손) = OBV '매집'을 실측 확증 · 개인 흡수(약한손) = 🟢를 무효화(꼭지위험).
