[info] shortlist 15종 — KIS 투자자별 순매수 조회(20일) …

[saved] C:\Users\fivep\DeGaJaFinance\llm_outputs\2026-09-07\industry_KR\KR_LIVE_SHORTLIST.json
# KR LIVE SHORTLIST — 와이드스윕→필터→KIS 실측  (asof 2026-09-04)
필터: 시총≥1.0조 · 태그 🟢가속 · flow_score desc top15 → 15종 · KIS 투자자 20일 누적

TICKER     종목          flow    뉴스   OBV  RS20     외국인      기관      개인  판정
000880.KS  한화         +1.00   n/a +0.65  17.8    +33만     +1만    -33만  ✅진짜손(외국인/기관 순매수)
066970.KS  엘앤에프       +1.00   n/a +0.27  45.8   -156만   +145만     +9만  ❌약한손(개인 흡수·외국인 이탈)
088350.KS  한화생명       +1.00   n/a +0.28  19.1   +511만   +519만  -1021만  ✅진짜손(외국인/기관 순매수)
336260.KS  두산퓨얼셀      +1.00   n/a +0.20  26.7   -225만   +185만    +34만  ❌약한손(개인 흡수·외국인 이탈)
020150.KS  롯데에너지머티리얼  +1.00   n/a +0.26  11.7    -80만    +53만    +26만  ❌약한손(개인 흡수·외국인 이탈)
089860.KS  롯데렌탈       +0.88   n/a +0.35  20.7    -37만    +13만    +21만  ❌약한손(개인 흡수·외국인 이탈)
096770.KS  SK이노베이션    +0.87  1.30 +0.10  21.1    +87만   +104만   -179만  ✅진짜손(외국인/기관 순매수)
377300.KS  카카오페이      +0.86   n/a +0.28   7.0     -7만    +86만    -79만  ✅진짜손(외국인/기관 순매수)
005830.KS  DB손해보험     +0.86   n/a +0.29  16.3    -65만    +75만    -10만  ✅진짜손(외국인/기관 순매수)
003670.KS  포스코퓨처엠     +0.84   n/a +0.42  18.3     -6만    +50만    -44만  ✅진짜손(외국인/기관 순매수)
003550.KS  LG         +0.83  0.61 +0.36   9.7    -12만    +26만    -54만  ✅진짜손(외국인/기관 순매수)
010950.KS  S-Oil      +0.82  2.09 +0.26  19.7     -6만    +68만    -63만  ✅진짜손(외국인/기관 순매수)
020560.KS  아시아나항공     +0.79   n/a +0.26   3.1    +37만    +65만   -100만  ✅진짜손(외국인/기관 순매수)
361610.KS  SK아이이테크놀로  +0.75   n/a +0.09   8.0   +154만    -82만    -54만  ✅진짜손(외국인/기관 순매수)
175330.KS  JB금융지주     +0.70   n/a +0.21   3.5    -40만    +95만    -53만  ✅진짜손(외국인/기관 순매수)

★ 진짜 LIVE (🟢 AND 외국인/기관 순매수): 한화(000880.KS), 한화생명(088350.KS), SK이노베이션(096770.KS), 카카오페이(377300.KS), DB손해보험(005830.KS), 포스코퓨처엠(003670.KS), LG(003550.KS), S-Oil(010950.KS), 아시아나항공(020560.KS), SK아이이테크놀로지(361610.KS), JB금융지주(175330.KS)

해석: 외국인+기관 순매수(진짜손) = OBV '매집'을 실측 확증 · 개인 흡수(약한손) = 🟢를 무효화(꼭지위험).
