[repair] tickers=301  official 08-28=43  missing=258
  … 5m 40/301  got=40
  … 5m 80/301  got=80
$EA: possibly delisted; no price data found  (5m 2026-08-28 -> 2026-08-29)

1 Failed download:
['EA']: possibly delisted; no price data found  (5m 2026-08-28 -> 2026-08-29)
  … 5m 120/301  got=119
  … 5m 160/301  got=159
  … 5m 200/301  got=199
  … 5m 240/301  got=239
  … 5m 280/301  got=279
  … 5m 301/301  got=300
[validate] 5m bars per name: median 78  min 76  max 78  n=300
[validate] n=43  close  mean|err| 2.3449%  max 99.9746%  >0.05%: 5
[validate] volume  mean err -19.16%  median -14.84%  min -61.25%  max -4.74%  n=43
[obv-unpatched hole] n=43 mean|d| 0.0600  median 0.0304  max 0.3141  label-flips 9/43  sign-flips 5/43
[obv-5m repair] n=43 mean|d| 0.0100  median 0.0066  max 0.0491  label-flips 2/43  sign-flips 0/43
[obv-repair worst] APH -0.049 · GOOG -0.026 · MCHP +0.025 · GOOGL -0.023 · NFLX -0.023
[obv-hole worst] PCG -0.178->+0.136 · PYPL -0.159->+0.089 · CRM +0.261->+0.098 · MRVL -0.126->+0.026 · NOW +0.303->+0.164 · HPE -0.057->+0.070
[repair] patched=257  no-5m(left NaN)=1 ['EA']
  … rescore 100/300
  … rescore 200/300
  … rescore 300/300
[axis] velocity 측정 0/299 = 0.0% → 속도축 제외(전원 3축) · 기준 80% (D225-KR)
[hist] prev keys available: ['2026-08-26', '2026-08-27', '2026-08-28', '2026-08-31', '2026-09-01', '2026-09-02']  prev_n=298
[repair] wrote SECTOR_FLOW_US_REPAIRED.json
scoring: {"vel_axis": false, "vel_coverage": 0.0, "n_axes": 3, "scored": 299, "dropped_missing_axis": 0}
universe: {"n": 299, "n_requested": 300, "wflow": -0.184, "green": 6, "red": 110}
