[warn] 유니버스 kr_all.csv 37일 경과 — 시총 stale. build_kr_universe.py 재빌드 권장(주1회).
[dl] yfinance 배치 833종목 4mo …
[dl] 완료 → prices_kr_2026-08-21.pkl
[flow] 832종목 축 계산 …
  … 50/832
  … 100/832
  … 150/832
  … 200/832
  … 250/832
C:\Users\fivep\DeGaJaFinance\module_flow\_price_flow.py:41: RuntimeWarning: invalid value encountered in scalar divide
  vsurge = round(float(vol.tail(5).mean() / vol.tail(50).mean()), 2)
C:\Users\fivep\DeGaJaFinance\module_flow\_price_flow.py:41: RuntimeWarning: invalid value encountered in scalar divide
  vsurge = round(float(vol.tail(5).mean() / vol.tail(50).mean()), 2)
  … 300/832
  … 350/832
  … 400/832
C:\Users\fivep\DeGaJaFinance\module_flow\_price_flow.py:41: RuntimeWarning: invalid value encountered in scalar divide
  vsurge = round(float(vol.tail(5).mean() / vol.tail(50).mean()), 2)
  … 450/832
C:\Users\fivep\DeGaJaFinance\module_flow\_price_flow.py:41: RuntimeWarning: invalid value encountered in scalar divide
  vsurge = round(float(vol.tail(5).mean() / vol.tail(50).mean()), 2)
  … 500/832
  … 550/832
C:\Users\fivep\DeGaJaFinance\module_flow\_price_flow.py:41: RuntimeWarning: invalid value encountered in scalar divide
  vsurge = round(float(vol.tail(5).mean() / vol.tail(50).mean()), 2)
  … 600/832
C:\Users\fivep\DeGaJaFinance\module_flow\_price_flow.py:41: RuntimeWarning: invalid value encountered in scalar divide
  vsurge = round(float(vol.tail(5).mean() / vol.tail(50).mean()), 2)
C:\Users\fivep\DeGaJaFinance\module_flow\_price_flow.py:41: RuntimeWarning: invalid value encountered in scalar divide
  vsurge = round(float(vol.tail(5).mean() / vol.tail(50).mean()), 2)
  … 650/832
  … 700/832
C:\Users\fivep\DeGaJaFinance\module_flow\_price_flow.py:41: RuntimeWarning: invalid value encountered in scalar divide
  vsurge = round(float(vol.tail(5).mean() / vol.tail(50).mean()), 2)
C:\Users\fivep\DeGaJaFinance\module_flow\_price_flow.py:41: RuntimeWarning: invalid value encountered in scalar divide
  vsurge = round(float(vol.tail(5).mean() / vol.tail(50).mean()), 2)
C:\Users\fivep\DeGaJaFinance\module_flow\_price_flow.py:41: RuntimeWarning: invalid value encountered in scalar divide
  vsurge = round(float(vol.tail(5).mean() / vol.tail(50).mean()), 2)
C:\Users\fivep\DeGaJaFinance\module_flow\_price_flow.py:41: RuntimeWarning: invalid value encountered in scalar divide
  vsurge = round(float(vol.tail(5).mean() / vol.tail(50).mean()), 2)
  … 750/832
C:\Users\fivep\DeGaJaFinance\module_flow\_price_flow.py:41: RuntimeWarning: invalid value encountered in scalar divide
  vsurge = round(float(vol.tail(5).mean() / vol.tail(50).mean()), 2)
C:\Users\fivep\DeGaJaFinance\module_flow\_price_flow.py:41: RuntimeWarning: invalid value encountered in scalar divide
  vsurge = round(float(vol.tail(5).mean() / vol.tail(50).mean()), 2)
C:\Users\fivep\DeGaJaFinance\module_flow\_price_flow.py:41: RuntimeWarning: invalid value encountered in scalar divide
  vsurge = round(float(vol.tail(5).mean() / vol.tail(50).mean()), 2)
  … 800/832
C:\Users\fivep\DeGaJaFinance\module_flow\_price_flow.py:41: RuntimeWarning: invalid value encountered in scalar divide
  vsurge = round(float(vol.tail(5).mean() / vol.tail(50).mean()), 2)
C:\Users\fivep\DeGaJaFinance\module_flow\_price_flow.py:41: RuntimeWarning: invalid value encountered in scalar divide
  vsurge = round(float(vol.tail(5).mean() / vol.tail(50).mean()), 2)
C:\Users\fivep\DeGaJaFinance\module_flow\_price_flow.py:41: RuntimeWarning: invalid value encountered in scalar divide
  vsurge = round(float(vol.tail(5).mean() / vol.tail(50).mean()), 2)
C:\Users\fivep\DeGaJaFinance\module_flow\_price_flow.py:41: RuntimeWarning: invalid value encountered in scalar divide
  vsurge = round(float(vol.tail(5).mean() / vol.tail(50).mean()), 2)
C:\Users\fivep\DeGaJaFinance\module_flow\_price_flow.py:41: RuntimeWarning: invalid value encountered in scalar divide
  vsurge = round(float(vol.tail(5).mean() / vol.tail(50).mean()), 2)
C:\Users\fivep\DeGaJaFinance\module_flow\_price_flow.py:41: RuntimeWarning: invalid value encountered in scalar divide
  vsurge = round(float(vol.tail(5).mean() / vol.tail(50).mean()), 2)
[axis] velocity 측정 50/826 = 6.1% → 속도축 제외(전원 3축) · 기준 80% (D225-KR)
🚨 [axis] 뉴스축이 이 런에서 **죽었다** (측정 6.1%). 「기사가 없다」가 아니라 「세지 못했다」일 가능성이 높다 — 뉴스 검색은 원격 API 를 타고, 그 터널이 끊기면 velocity 가 전부 None 이 되는데 그게 '무기사'와 구분되지 않는다.
   확인: python -X utf8 -m module_news_data fts search 삼성전자 --days 7 --count · 로컬 폴백 색인 존재 여부 · DEGAJA_NEWS_API
   ⚠ 예전 구현은 이 상황에서 축을 조용히 드롭해 **전 종목 점수를 평균 +0.305 부풀렸다.** 지금은 전원 동일 축으로 매기고 이 줄을 남긴다.
[axis] 축 결측으로 점수 미부여 20종목 — 집계 제외 (예전엔 clip(nan)=+1.0 로 **최대 양수**를 받았다)
