[macro_us] fredapi not installed — using requests REST fallback. `pip install fredapi` 하면 더 빠름.
[macro_us] us_10y (DGS10): 139 obs
[macro_us] us_2y (DGS2): 139 obs
[macro_us] us_30y (DGS30): 139 obs
[macro_us] us_5y (DGS5): 139 obs
[macro_us] fed_funds (DFF): 199 obs
[macro_us] cpi (CPIAUCSL): 12 obs
[macro_us] core_cpi (CPILFESL): 12 obs
[macro_us] unemployment (UNRATE): 12 obs
[macro_us] vix (VIXCLS): 142 obs
[macro_us] dxy (DTWEXBGS): 136 obs
[macro_us] real_10y (DFII10): 139 obs
[macro_us] m2 (M2SL): 12 obs
[macro_us] hy_oas (BAMLH0A0HYM2): 145 obs
[macro_us] ig_oas (BAMLC0A0CM): 145 obs
[macro_us] breakeven_10y (T10YIE): 140 obs
[macro_us] nfci (NFCI): 28 obs
[macro_us] rrp (RRPONTSYD): 139 obs
[macro_us] fed_assets (WALCL): 29 obs
[macro_us] sofr (SOFR): 138 obs
