[warn] 유니버스 us_top300.csv 38일 경과 — 시총 stale. build_top300.py 재빌드 권장(주1회).
[dl] yfinance 배치 301종목 4mo …
[dl] 완료 → prices_2026-08-22.pkl
[flow] 300종목 축 계산 …
  … 50/300
  … 100/300
  … 150/300
  … 200/300
  … 250/300
  … 300/300
[axis] velocity 측정 49/299 = 16.4% → 속도축 제외(전원 3축) · 기준 80% (D225-KR)
🚨 [axis] 뉴스축이 이 런에서 **죽었다** (측정 16.4%). 「기사가 없다」가 아니라 「세지 못했다」일 가능성이 높다 — 뉴스 검색은 원격 API 를 타고, 그 터널이 끊기면 velocity 가 전부 None 이 되는데 그게 '무기사'와 구분되지 않는다.
   확인: python -X utf8 -m module_news_data fts search 삼성전자 --days 7 --count · 로컬 폴백 색인 존재 여부 · DEGAJA_NEWS_API
   ⚠ 예전 구현은 이 상황에서 축을 조용히 드롭해 **전 종목 점수를 평균 +0.305 부풀렸다.** 지금은 전원 동일 축으로 매기고 이 줄을 남긴다.
# SECTOR FLOW — 유니버스 수급 와이드 스윕  (asof 2026-08-21, n=299/300)
시총가중 유니버스 flow -0.076  ·  🟢9 🟡219 🔴71  ·  breadth(🟢%) 3%
신규🟢(오늘 첫 가속): MSI(+0.81), ECL(+0.61)

## 섹터 로테이션 (시총가중 flow 순)
SECTOR                       wFlow      Δ   eqFlow      🟢/n  breadth
Health Care                 +0.196    ▲0.05   +0.229     1/32     3%
Consumer Discretionary      +0.122    ▲0.11   +0.103     0/28     0%
Communication Services      +0.108    ▲0.02   +0.095     0/12     0%
Energy                      +0.076    ▼0.09   +0.102     1/16     6%
Materials                   +0.064    ▲0.06   +0.046     1/12     8%
Financials                  +0.003    ▲0.02   -0.034     2/47     4%
Consumer Staples            -0.013    ▼0.06   +0.048     1/19     5%  🚨1名
Information Technology      -0.231    ▲0.05   -0.102     3/56     5%
Industrials                 -0.259    ▼0.01   -0.231     0/50     0%
Real Estate                 -0.543    ▼0.21   -0.446     0/12     0%
Utilities                   -0.648    ▼0.00   -0.621     0/15     0%

🚨 최대 종목 1개를 빼면 **부호가 뒤집히는** 섹터 1개 (D9) — 이 버킷으로는 승격도 강등도 정당화할 수 없다:
   Consumer Staples -0.013 → ex-Walmart +0.116  (그 이름이 섹터 시총의 28.9%, n=19)

Δ상승: HOOD ▲1.23, AXP ▲0.63, TSLA ▲0.52, IBKR ▲0.48, APH ▲0.43, ROST ▲0.42
Δ하락: DLR ▼1.08, SLB ▼0.62, EQIX ▼0.49, CB ▼0.35, LOW ▼0.35, ITW ▼0.33

## 종목 상·하위 12 (flow_score 순)
TICKER  SEC              flow      Δ  tag       OBV   RS20    서지   vel
COIN    Financials     +1.000    ▲0.33  🟢가속     +0.29   14.2  1.68   n/a
MSTR    Information T  +1.000    ▲0.10  🟢가속     +0.36   26.5  1.61   n/a
MRK     Health Care    +0.978    ▲0.08  🟢가속     +0.37   12.8  1.56  2.08
TGT     Consumer Stap  +0.950    ▲0.06  🟢가속     +0.29   17.3  1.51   n/a
MSI     Information T  +0.806    ▲0.05  🟢가속     +0.22   11.4  1.25   n/a
FCX     Materials      +0.739    ▲0.23  🟡중립     +0.26   18.8  1.13   n/a
PSX     Energy         +0.728    ▼0.01  🟡중립     +0.26   13.8  1.11   n/a
CVNA    Consumer Disc  +0.722    ▲0.07  🟡중립     +0.24   12.0   1.1   n/a
DASH    Consumer Disc  +0.717    ▲0.02  🟡중립     +0.59   25.6  1.09   n/a
A       Health Care    +0.711    ▲0.28  🟡중립     +0.19   11.1  1.08   n/a
TRI     Industrials    +0.711    ▲0.01  🟡중립     +0.41   13.4  1.08   n/a
ABNB    Consumer Disc  +0.700    ▲0.01  🟡중립     +0.23   29.1  1.06   n/a
TT      Industrials    -0.812    ▲0.03  🔴분산     -0.13   -9.4  0.63   n/a
AIG     Financials     -0.815    ▼0.02  🔴분산     -0.17   -7.3  0.68   n/a
AEP     Utilities      -0.817    ▼0.10  🔴분산     -0.18  -14.4  0.73   n/a
AON     Financials     -0.819    ▼0.03  🔴분산     -0.34   -5.4  0.53   n/a
ODFL    Industrials    -0.828    ▼0.01  🔴분산     -0.49  -15.0  0.71   n/a
ETR     Utilities      -0.844    ▼0.10  🔴분산     -0.18  -13.4  0.68   n/a
GWW     Industrials    -0.850    ▲0.01  🔴분산     -0.36   -8.7  0.67   n/a
PLD     Real Estate    -0.856    ▼0.06  🔴분산     -0.18   -7.6  0.63   n/a
EXC     Utilities      -0.861    ─0.00  🔴분산     -0.23  -11.5  0.65   n/a
HON     Industrials    -0.865    ▲0.03  🔴분산     -0.15  -14.8  0.62   n/a
D       Utilities      -0.867    ▲0.05  🔴분산     -0.38  -10.0  0.64   n/a
SPG     Real Estate    -0.928    ▼0.09  🔴분산     -0.35   -8.6  0.53   n/a

범례: flow_score∈[-1,1]=3축(OBV매집·RS20·거래량서지 — 뉴스축 제외) 클립평균 · 태그=flow_read 권위값 · wFlow=시총가중 · Δ=직전 스냅샷 대비 · breadth=섹터 내 🟢 비율
⚠ 이 런은 뉴스축 없이 매겼다 — 점수를 4축 런의 점수와 직접 비교하지 마라(척도가 다르다).
