[info] shortlist 15종 — KIS 투자자별 순매수 조회(20일) …

[saved] C:\Users\fivep\DeGaJaFinance\llm_outputs\2026-08-20\industry_KR\KR_LIVE_SHORTLIST.json
# KR LIVE SHORTLIST — 와이드스윕→필터→KIS 실측  (asof 2026-08-18)
필터: 시총≥1.0조 · 태그 🟢가속 · flow_score desc top15 → 15종 · KIS 투자자 20일 누적

TICKER     종목          flow    뉴스   OBV  RS20     외국인      기관      개인  판정
088350.KS  한화생명       +1.00   n/a +0.26  17.6   +923만    -35만   -863만  ✅진짜손(외국인/기관 순매수)
001450.KS  현대해상       +1.00   n/a +0.24  29.2    +25만   +178만   -192만  ✅진짜손(외국인/기관 순매수)
161890.KS  한국콜마       +1.00   n/a +0.40  20.2    +39만     +2만    -39만  ✅진짜손(외국인/기관 순매수)
007340.KS  DN오토모티브    +1.00   n/a +0.37  42.8    +25만    -11만    -11만  ✅진짜손(외국인/기관 순매수)
004370.KS  농심         +1.00   n/a +0.42  18.7    +11만    +11만    -21만  ✅진짜손(외국인/기관 순매수)
192820.KS  코스맥스       +1.00   n/a +0.24  37.4     +7만    +26만    -32만  ✅진짜손(외국인/기관 순매수)
181710.KS  NHN        +1.00   n/a +0.70 108.7    -40만   +101만    -60만  ✅진짜손(외국인/기관 순매수)
089860.KS  롯데렌탈       +1.00   n/a +0.48  22.2    -28만    +33만     -5만  ✅진짜손(외국인/기관 순매수)
078930.KS  GS         +0.99   n/a +0.59  39.7   -150만   +182만    -34만  ✅진짜손(외국인/기관 순매수)
017670.KS  SK텔레콤      +0.89  0.93 +0.18   9.7   -540만   +384만   +142만  ❌약한손(개인 흡수·외국인 이탈)
439260.KS  대한조선       +0.89   n/a +0.34   9.4    -14만    +16만     -3만  ✅진짜손(외국인/기관 순매수)
073240.KS  금호타이어      +0.83   n/a +0.38  19.2   +909만   -223만   -642만  ✅진짜손(외국인/기관 순매수)
017800.KS  현대엘리베이터    +0.82   n/a +0.13   5.3    -23만     -8만    +31만  ❌약한손(개인 흡수·외국인 이탈)
003230.KS  삼양식품       +0.81   n/a +0.26  11.3    +16만     -8만     -8만  ✅진짜손(외국인/기관 순매수)
012450.KS  한화에어로스페이스  +0.76  1.35 +0.39  25.5     +1만     +6만     -7만  ✅진짜손(외국인/기관 순매수)

★ 진짜 LIVE (🟢 AND 외국인/기관 순매수): 한화생명(088350.KS), 현대해상(001450.KS), 한국콜마(161890.KS), DN오토모티브(007340.KS), 농심(004370.KS), 코스맥스(192820.KS), NHN(181710.KS), 롯데렌탈(089860.KS), GS(078930.KS), 대한조선(439260.KS), 금호타이어(073240.KS), 삼양식품(003230.KS), 한화에어로스페이스(012450.KS)

해석: 외국인+기관 순매수(진짜손) = OBV '매집'을 실측 확증 · 개인 흡수(약한손) = 🟢를 무효화(꼭지위험).
