# SECTOR FLOW — 유니버스 수급 와이드 스윕  (asof 2026-08-21, n=806/832)
시총가중 유니버스 flow -0.012  ·  🟢86 🟡612 🔴108  ·  breadth(🟢%) 11%
신규🟢(오늘 첫 가속): 128940.KS(+1.00), 008930.KS(+1.00), 003530.KS(+1.00), 249420.KS(+1.00), 019170.KS(+1.00), 025000.KS(+1.00), 000760.KS(+1.00), 014990.KS(+1.00), 001020.KS(+0.98), 001210.KS(+0.96), 028670.KS(+0.96), 006110.KS(+0.94)

## 섹터 로테이션 (시총가중 flow 순)
SECTOR                       wFlow      Δ   eqFlow      🟢/n  breadth
제약                          +0.450    ▼0.06   +0.263     7/48    15%
금속                          +0.422    ▼0.17   +0.119     7/59    12%
IT 서비스                      +0.330    ▼0.17   +0.241     2/25     8%
운송·창고                       +0.268    ▼0.08   +0.133     2/24     8%  🚨1名
외국증권                        +0.217    ▲0.17   +0.217      0/1     0%
건설                          +0.204    ▼0.26   +0.081     1/26     4%
비금속                         +0.195    ▼0.01   +0.143     2/21    10%
미분류                         +0.124    ▼0.17   +0.084      0/2     0%
음식료·담배                      +0.103    ▼0.29   +0.087     2/37     5%
일반서비스                       +0.085    ▼0.21   +0.160     5/32    16%
화학                          +0.062    ▼0.17   +0.170   14/101    14%
유통                          +0.060    ▼0.06   -0.038     4/59     7%  🚨1名
보험                          +0.022    ▼0.10   +0.284     3/12    25%
섬유·의류                       +0.017    ▼0.08   +0.284     5/27    19%
전기·전자                       +0.002    ▼0.04   +0.025     7/66    11%  🚨1名
통신                          -0.000    ▼0.43   -0.063      0/5     0%
부동산                         -0.016    ▼0.04   +0.026      1/2    50%  🚨1名
리츠                          -0.033    ▼0.01   -0.170     0/21     0%
운송장비·부품                     -0.078    ▼0.13   +0.082     9/58    16%
기계·장비                       -0.111    ▼0.24   -0.035     1/28     4%
종이·목재                       -0.142    ▼0.23   +0.025     1/17     6%  🚨1名
의료·정밀기기                     -0.160    ▼0.00   -0.021      1/8    12%  🚨1名
금융                          -0.276    ▼0.05   +0.013     4/75     5%
제조                          -0.305    ▼0.14   -0.013      1/8    12%
증권                          -0.386    ▼0.19   -0.003     2/18    11%
인프라투용                       -0.399    ▼0.23   -0.399      0/1     0%
오락·문화                       -0.568    ▼0.20   -0.024     2/13    15%
전기·가스                       -0.646    ▼0.52   +0.122     2/10    20%  🚨1名

🚨 최대 종목 1개를 빼면 **부호가 뒤집히는** 섹터 7개 (D9) — 이 버킷으로는 승격도 강등도 정당화할 수 없다:
   전기·가스          -0.646 → ex-한국전력 +0.141  (그 이름이 섹터 시총의 79.9%, n=10)
   유통             +0.060 → ex-삼성물산 -0.419  (그 이름이 섹터 시총의 52.7%, n=59)
   부동산            -0.016 → ex-SK디앤디 +1.000  (그 이름이 섹터 시총의 52.2%, n=2)
   전기·전자          +0.002 → ex-삼성전자 -0.173  (그 이름이 섹터 시총의 45.6%, n=66)
   의료·정밀기기        -0.160 → ex-케이씨텍 +0.261  (그 이름이 섹터 시총의 41.4%, n=8)
   운송·창고          +0.268 → ex-HMM -0.136  (그 이름이 섹터 시총의 35.6%, n=24)
   종이·목재          -0.142 → ex-신대양제지 +0.007  (그 이름이 섹터 시총의 22.1%, n=17)

Δ상승: 002720.KS ▲1.33, 004100.KS ▲1.16, 019170.KS ▲0.76, 047400.KS ▲0.67, 249420.KS ▲0.64, 001210.KS ▲0.63
Δ하락: 002140.KS ▼1.25, 298000.KS ▼1.09, 001250.KS ▼1.08, 053690.KS ▼1.06, 052690.KS ▼0.99, 025560.KS ▼0.97

## 종목 상·하위 12 (flow_score 순)
TICKER  SEC              flow      Δ  tag       OBV   RS20    서지   vel
010130.KS금속             +1.000    ▲0.18  🟢가속     +0.24   27.6  1.67  0.75
011200.KS운송·창고          +1.000    ▲0.05  🟢가속     +0.30    8.1  1.65  0.70
128940.KS제약             +1.000    ▲0.49  🟢가속     +0.36   40.3  1.62   n/a
008930.KS금융             +1.000    ▲0.37  🟢가속     +0.78   65.9  3.59   n/a
089860.KS일반서비스          +1.000    ─0.00  🟢가속     +0.29   18.1  1.76   n/a
003530.KS증권             +1.000    ▲0.41  🟢가속     +0.17   16.2  2.28   n/a
000370.KS보험             +1.000    ─0.00  🟢가속     +0.52   22.7  1.72   n/a
005180.KS음식료·담배         +1.000    ─0.00  🟢가속     +0.59   34.7   2.9   n/a
001510.KS증권             +1.000    ▲0.13  🟢가속     +0.52   28.5  4.76   n/a
249420.KS제약             +1.000    ▲0.64  🟢가속     +0.37   11.1  3.14   n/a
019170.KS제약             +1.000    ▲0.76  🟢가속     +0.59   36.6  4.04   n/a
134380.KS화학             +1.000    ─0.00  🟢가속     +0.36    9.8  2.04   n/a
075580.KS운송장비·부품        -0.900    ▼0.28  🔴분산     -0.19  -14.7  0.58   n/a
051630.KS화학             -0.900    ▲0.10  🔴분산     -0.24   -5.6  0.29   n/a
002690.KS금속             -0.900    ▼0.32  🔴분산     -0.42   -5.6  0.33   n/a
267260.KS전기·전자          -0.906    ▼0.27  🔴분산     -0.22   -8.5  0.57  0.65
053690.KS일반서비스          -0.906    ▼1.06  🔴분산     -0.16   -7.7  0.54   n/a
006370.KS유통             -0.917    ▲0.04  🔴분산     -0.41  -10.1  0.55   n/a
002140.KS음식료·담배         -0.942    ▼1.25  🔴분산     -0.14   -9.8  0.43   n/a
000400.KS보험             -0.944    ▼0.02  🔴분산     -0.32  -11.7   0.5   n/a
210980.KS부동산            -0.948    ▼0.08  🔴분산     -0.14  -16.9  0.29   n/a
001740.KS유통             -1.000    ▼0.21  🔴분산     -0.27   -9.1  0.34   n/a
008040.KS음식료·담배         -1.000    ─0.00  🔴분산     -0.24  -15.1   0.0   n/a
015590.KS기계·장비          -1.000    ▼0.11  🔴분산     -0.18  -18.0   0.4   n/a

범례: flow_score∈[-1,1]=3축(OBV매집·RS20·거래량서지 — 뉴스축 제외) 클립평균 · 태그=flow_read 권위값 · wFlow=시총가중 · Δ=직전 스냅샷 대비 · breadth=섹터 내 🟢 비율
⚠ 이 런은 뉴스축 없이 매겼다 — 점수를 4축 런의 점수와 직접 비교하지 마라(척도가 다르다).
