module_news_data exit=0
module_macro_us exit=0
module_flow exit=0
module_chart exit=1
module_fundamentals_us exit=0
module_business_us exit=0
module_disclosure_us exit=0
module_valuation exit=0
module_evidence exit=0
module_report_tags exit=0
module_paper_book exit=0
module_watchlist exit=0
module_inflection exit=0
module_epistemics exit=0
module_industry_map exit=0
scripts/sector_flow.py exit=0
scripts/us_live_shortlist.py exit=0
scripts/cycle_exposure.py exit=0
scripts/catalyst_calendar.py exit=0
scripts/drift_watch.py exit=0
scripts/us_flow.py exit=0
scripts/risk_units.py exit=0
scripts/snapshot_estimates.py exit=0
scripts/kelly_size.py exit=0
scripts/flow_read.py exit=0
scripts/us_setup_screener.py exit=0
scripts/action_bracket.py exit=0
scripts/handoff_compact.py exit=0
scripts/missed_ledger.py exit=0
scripts/reject_ledger.py exit=0
scripts/report_lint.py exit=0
scripts/axis_inflection.py exit=0
scripts/brief_recall.py exit=0
scripts/company_score.py exit=0
scripts/exposure_rule.py exit=0
