=== --days 250 ===
# RISK_UNITS — 2026-08-27  (벤치 SPY · 잔차 1팩터 제거)
  윈도우 2025-08-07 → 2026-08-26 · **정렬 후 249 거래일** · 임계 거리 0.65 (= 잔차상관 0.35 이상이면 같은 단위)
  · 교집합 353일 중 --days 로 103일 잘라냄(달력 손실 아님)
  ⚠ 표본 249일 < 250일 — **짧은 표본은 구조를 지어낸다(S5).** 적합도가 좋아 보여도 안정성(ARI)을 먼저 봐라.
  ⚠ 달력 교집합 손실: ANET −22일 · AVGO −22일 · ETN −22일 · HPE −22일 · MET −22일 · MPC −22일
     통화축도 섞인다 — KR 은 KRW, US 는 USD 로컬 수익률이다(공통 FX 요인 주입 가능).
  ⚠ 교집합에 4일 초과 구멍 2개(최대 8일) — 그만큼 '1일 수익률'이 아닌 칸이 섞였다.

  최대 잔차상관 **+0.8509** — 임계값은 이 스케일에 맞춰야 한다.
  적합도 그룹내 잔차상관 **+0.6047** vs 그룹간 +0.0073
  안정성 ARI(전반 vs 후반) **0.3188** — 적합도와 **반대로 움직인다**(S5). 낮으면 멤버십을 믿지 마라.

  ── 임계값 민감도(C5 — 임의 선택의 대안 효과) ──
     dist 0.40 (상관≥0.60) → 단위 12개 · 그룹내 +0.8509
     dist 0.50 (상관≥0.50) → 단위 12개 · 그룹내 +0.8509
     dist 0.55 (상관≥0.45) → 단위 12개 · 그룹내 +0.8509
     dist 0.60 (상관≥0.40) → 단위 12개 · 그룹내 +0.8509
     dist 0.65 (상관≥0.35) → 단위 11개 · 그룹내 +0.6047 ←선택
     dist 0.70 (상관≥0.30) → 단위 10개 · 그룹내 +0.5095
     dist 0.75 (상관≥0.25) → 단위  7개 · 그룹내 +0.3441
     dist 0.80 (상관≥0.20) → 단위  7개 · 그룹내 +0.3441
     dist 0.85 (상관≥0.15) → 단위  6개 · 그룹내 +0.3269

  ── 측정된 위험 단위 11개 ──
   U0: 028050, 316140   [책 테마 라벨: KR-E&C/plant, KR-bank-holding]
        ⚠ 한 측정 단위 안에 **서로 다른 테마 라벨 2개** — MAX_THEME_PCT 가 이걸 2개로 쪼개 세고 있다.
   U1: MPC, PSX   [책 테마 라벨: energy-refining]
   U2: ANET   [책 테마 라벨: AI-compute-EPICENTER]
   U3: AVGO   [책 테마 라벨: AI-compute-EPICENTER]
   U4: ETN   [책 테마 라벨: AI-power/electrical]
   U5: HPE   [책 테마 라벨: AI-compute-chain]
   U6: MET   [책 테마 라벨: life-insurer/FIN]
   U7: NDAQ   [책 테마 라벨: exchanges/FIN]
   U8: NUE   [책 테마 라벨: steel/MATR]
   U9: NVDA   [책 테마 라벨: AI-compute-EPICENTER]
   U10: RTX   [책 테마 라벨: defense-missile]

  ⚠ 분석 산출물이다. 매수/매도 조언·사이즈 권고 없음(P4). 단위를 재줄 뿐이다.
[saved] C:\Users\fivep\DeGaJaFinance\llm_outputs\2026-08-27\RISK_UNITS.json
=== --days 500 ===
# RISK_UNITS — 2026-08-27  (벤치 SPY · 잔차 1팩터 제거)
  윈도우 2024-07-12 → 2026-08-26 · **정렬 후 499 거래일** · 임계 거리 0.65 (= 잔차상관 0.35 이상이면 같은 단위)
  · 교집합 702일 중 --days 로 202일 잘라냄(달력 손실 아님)
  ⚠ 달력 교집합 손실: ANET −48일 · AVGO −48일 · ETN −48일 · HPE −48일 · MET −48일 · MPC −48일
     통화축도 섞인다 — KR 은 KRW, US 는 USD 로컬 수익률이다(공통 FX 요인 주입 가능).
  ⚠ 교집합에 4일 초과 구멍 5개(최대 8일) — 그만큼 '1일 수익률'이 아닌 칸이 섞였다.

  최대 잔차상관 **+0.8471** — 임계값은 이 스케일에 맞춰야 한다.
  적합도 그룹내 잔차상관 **+0.5260** vs 그룹간 +0.0178
  안정성 ARI(전반 vs 후반) **0.1899** — 적합도와 **반대로 움직인다**(S5). 낮으면 멤버십을 믿지 마라.

  ── 임계값 민감도(C5 — 임의 선택의 대안 효과) ──
     dist 0.40 (상관≥0.60) → 단위 12개 · 그룹내 +0.8471
     dist 0.50 (상관≥0.50) → 단위 12개 · 그룹내 +0.8471
     dist 0.55 (상관≥0.45) → 단위 12개 · 그룹내 +0.8471
     dist 0.60 (상관≥0.40) → 단위 12개 · 그룹내 +0.8471
     dist 0.65 (상관≥0.35) → 단위 10개 · 그룹내 +0.5260 ←선택
     dist 0.70 (상관≥0.30) → 단위  9개 · 그룹내 +0.4809
     dist 0.75 (상관≥0.25) → 단위  7개 · 그룹내 +0.3710
     dist 0.80 (상관≥0.20) → 단위  5개 · 그룹내 +0.3051
     dist 0.85 (상관≥0.15) → 단위  4개 · 그룹내 +0.2869

  ── 측정된 위험 단위 10개 ──
   U0: ANET, ETN   [책 테마 라벨: AI-compute-EPICENTER, AI-power/electrical]
        ⚠ 한 측정 단위 안에 **서로 다른 테마 라벨 2개** — MAX_THEME_PCT 가 이걸 2개로 쪼개 세고 있다.
   U1: AVGO, NVDA   [책 테마 라벨: AI-compute-EPICENTER]
   U2: MPC, PSX   [책 테마 라벨: energy-refining]
   U3: 028050   [책 테마 라벨: KR-E&C/plant]
   U4: 316140   [책 테마 라벨: KR-bank-holding]
   U5: HPE   [책 테마 라벨: AI-compute-chain]
   U6: MET   [책 테마 라벨: life-insurer/FIN]
   U7: NDAQ   [책 테마 라벨: exchanges/FIN]
   U8: NUE   [책 테마 라벨: steel/MATR]
   U9: RTX   [책 테마 라벨: defense-missile]

  ⚠ 분석 산출물이다. 매수/매도 조언·사이즈 권고 없음(P4). 단위를 재줄 뿐이다.
[saved] C:\Users\fivep\DeGaJaFinance\llm_outputs\2026-08-27\RISK_UNITS.json
=== --days 750 ===
# RISK_UNITS — 2026-08-27  (벤치 SPY · 잔차 1팩터 제거)
  윈도우 2023-06-22 → 2026-08-26 · **정렬 후 749 거래일** · 임계 거리 0.65 (= 잔차상관 0.35 이상이면 같은 단위)
  · 교집합 1059일 중 --days 로 309일 잘라냄(달력 손실 아님)
  ⚠ 달력 교집합 손실: ANET −66일 · AVGO −66일 · ETN −66일 · HPE −66일 · MET −66일 · MPC −66일
     통화축도 섞인다 — KR 은 KRW, US 는 USD 로컬 수익률이다(공통 FX 요인 주입 가능).
  ⚠ 교집합에 4일 초과 구멍 8개(최대 8일) — 그만큼 '1일 수익률'이 아닌 칸이 섞였다.

  최대 잔차상관 **+0.8232** — 임계값은 이 스케일에 맞춰야 한다.
  적합도 그룹내 잔차상관 **+0.5160** vs 그룹간 +0.0198
  안정성 ARI(전반 vs 후반) **0.381** — 적합도와 **반대로 움직인다**(S5). 낮으면 멤버십을 믿지 마라.

  ── 임계값 민감도(C5 — 임의 선택의 대안 효과) ──
     dist 0.40 (상관≥0.60) → 단위 12개 · 그룹내 +0.8232
     dist 0.50 (상관≥0.50) → 단위 12개 · 그룹내 +0.8232
     dist 0.55 (상관≥0.45) → 단위 12개 · 그룹내 +0.8232
     dist 0.60 (상관≥0.40) → 단위 12개 · 그룹내 +0.8232
     dist 0.65 (상관≥0.35) → 단위 10개 · 그룹내 +0.5160 ←선택
     dist 0.70 (상관≥0.30) → 단위  9개 · 그룹내 +0.4701
     dist 0.75 (상관≥0.25) → 단위  7개 · 그룹내 +0.3647
     dist 0.80 (상관≥0.20) → 단위  5개 · 그룹내 +0.2832
     dist 0.85 (상관≥0.15) → 단위  5개 · 그룹내 +0.2832

  ── 측정된 위험 단위 10개 ──
   U0: ANET, ETN   [책 테마 라벨: AI-compute-EPICENTER, AI-power/electrical]
        ⚠ 한 측정 단위 안에 **서로 다른 테마 라벨 2개** — MAX_THEME_PCT 가 이걸 2개로 쪼개 세고 있다.
   U1: AVGO, NVDA   [책 테마 라벨: AI-compute-EPICENTER]
   U2: MPC, PSX   [책 테마 라벨: energy-refining]
   U3: 028050   [책 테마 라벨: KR-E&C/plant]
   U4: 316140   [책 테마 라벨: KR-bank-holding]
   U5: HPE   [책 테마 라벨: AI-compute-chain]
   U6: MET   [책 테마 라벨: life-insurer/FIN]
   U7: NDAQ   [책 테마 라벨: exchanges/FIN]
   U8: NUE   [책 테마 라벨: steel/MATR]
   U9: RTX   [책 테마 라벨: defense-missile]

  ⚠ 분석 산출물이다. 매수/매도 조언·사이즈 권고 없음(P4). 단위를 재줄 뿐이다.
[saved] C:\Users\fivep\DeGaJaFinance\llm_outputs\2026-08-27\RISK_UNITS.json
