# RISK_UNITS — 2026-09-01  (벤치 SPY · 잔차 1팩터 제거)
  윈도우 2023-06-26 → 2026-08-31 · **정렬 후 749 거래일** · 임계 거리 0.65 (= 잔차상관 0.35 이상이면 같은 단위)
  · 교집합 1058일 중 --days 로 308일 잘라냄(달력 손실 아님)
  ⚠ 달력 교집합 손실: AVGO −67일 · HPE −67일 · NVDA −67일 · SPY −67일 · 028050.KS −66일 · 316140.KS −66일
     통화축도 섞인다 — KR 은 KRW, US 는 USD 로컬 수익률이다(공통 FX 요인 주입 가능).
  ⚠ 교집합에 4일 초과 구멍 8개(최대 8일) — 그만큼 '1일 수익률'이 아닌 칸이 섞였다.

  최대 잔차상관 **+0.8240** — 임계값은 이 스케일에 맞춰야 한다.
  적합도 그룹내 잔차상관 **+0.5174** vs 그룹간 +0.0193
  안정성 ARI(전반 vs 후반) **0.381** — 적합도와 **반대로 움직인다**(S5). 낮으면 멤버십을 믿지 마라.

  ── 임계값 민감도(C5 — 임의 선택의 대안 효과) ──
     dist 0.40 (상관≥0.60) → 단위 12개 · 그룹내 +0.8240
     dist 0.50 (상관≥0.50) → 단위 12개 · 그룹내 +0.8240
     dist 0.55 (상관≥0.45) → 단위 12개 · 그룹내 +0.8240
     dist 0.60 (상관≥0.40) → 단위 12개 · 그룹내 +0.8240
     dist 0.65 (상관≥0.35) → 단위 10개 · 그룹내 +0.5174 ←선택
     dist 0.70 (상관≥0.30) → 단위  9개 · 그룹내 +0.4696
     dist 0.75 (상관≥0.25) → 단위  7개 · 그룹내 +0.3645
     dist 0.80 (상관≥0.20) → 단위  5개 · 그룹내 +0.2820
     dist 0.85 (상관≥0.15) → 단위  5개 · 그룹내 +0.2820

  ── 측정된 위험 단위 10개 ──
   U0: ANET, ETN   [책 테마 라벨: AI-compute-EPICENTER, AI-power/electrical]
        ⚠ 한 측정 단위 안에 **서로 다른 테마 라벨 2개** — MAX_THEME_PCT 가 이걸 2개로 쪼개 세고 있다.
   U1: AVGO, NVDA   [책 테마 라벨: AI-compute-EPICENTER]
   U2: MPC, PSX   [책 테마 라벨: energy-refining]
   U3: 028050   [책 테마 라벨: KR-E&C/plant]
   U4: 316140   [책 테마 라벨: KR-bank-holding]
   U5: HPE   [책 테마 라벨: AI-compute-chain]
   U6: MET   [책 테마 라벨: life-insurer/FIN]
   U7: NDAQ   [책 테마 라벨: exchanges/FIN]
   U8: NUE   [책 테마 라벨: steel/MATR]
   U9: RTX   [책 테마 라벨: defense-missile]

  ⚠ 분석 산출물이다. 매수/매도 조언·사이즈 권고 없음(P4). 단위를 재줄 뿐이다.
[saved] C:\Users\fivep\DeGaJaFinance\llm_outputs\2026-09-01\RISK_UNITS.json
