# RISK_UNITS — 2026-09-06  (벤치 SPY · 잔차 1팩터 제거)
  윈도우 2025-08-19 → 2026-09-04 · **정렬 후 249 거래일** · 임계 거리 0.65 (= 잔차상관 0.35 이상이면 같은 단위)
  · 교집합 354일 중 --days 로 104일 잘라냄(달력 손실 아님)
  ⚠ 표본 249일 < 250일 — **짧은 표본은 구조를 지어낸다(S5).** 적합도가 좋아 보여도 안정성(ARI)을 먼저 봐라.
  ⚠ 달력 교집합 손실: ANET −21일 · AVGO −21일 · ETN −21일 · HPE −21일 · MET −21일 · MPC −21일
     통화축도 섞인다 — KR 은 KRW, US 는 USD 로컬 수익률이다(공통 FX 요인 주입 가능).
  ⚠ 교집합에 4일 초과 구멍 2개(최대 8일) — 그만큼 '1일 수익률'이 아닌 칸이 섞였다.

  최대 잔차상관 **+0.8511** — 임계값은 이 스케일에 맞춰야 한다.
  적합도 그룹내 잔차상관 **+0.8511** vs 그룹간 +0.0107
  안정성 ARI(전반 vs 후반) **0.3874** — 적합도와 **반대로 움직인다**(S5). 낮으면 멤버십을 믿지 마라.

  ── 임계값 민감도(C5 — 임의 선택의 대안 효과) ──
     dist 0.40 (상관≥0.60) → 단위 12개 · 그룹내 +0.8511
     dist 0.50 (상관≥0.50) → 단위 12개 · 그룹내 +0.8511
     dist 0.55 (상관≥0.45) → 단위 12개 · 그룹내 +0.8511
     dist 0.60 (상관≥0.40) → 단위 12개 · 그룹내 +0.8511
     dist 0.65 (상관≥0.35) → 단위 12개 · 그룹내 +0.8511 ←선택
     dist 0.70 (상관≥0.30) → 단위 10개 · 그룹내 +0.5084
     dist 0.75 (상관≥0.25) → 단위  7개 · 그룹내 +0.3732
     dist 0.80 (상관≥0.20) → 단위  7개 · 그룹내 +0.3732
     dist 0.85 (상관≥0.15) → 단위  5개 · 그룹내 +0.2680

  ── 측정된 위험 단위 12개 ──
   U0: MPC, PSX   [책 테마 라벨: energy-refining]
   U1: 028050   [책 테마 라벨: KR-E&C/plant]
   U2: 316140   [책 테마 라벨: KR-bank-holding]
   U3: ANET   [책 테마 라벨: AI-compute-EPICENTER]
   U4: AVGO   [책 테마 라벨: AI-compute-EPICENTER]
   U5: ETN   [책 테마 라벨: AI-power/electrical]
   U6: HPE   [책 테마 라벨: AI-compute-chain]
   U7: MET   [책 테마 라벨: life-insurer/FIN]
   U8: NDAQ   [책 테마 라벨: exchanges/FIN]
   U9: NUE   [책 테마 라벨: steel/MATR]
   U10: NVDA   [책 테마 라벨: AI-compute-EPICENTER]
   U11: RTX   [책 테마 라벨: defense-missile]

  ⚠ 분석 산출물이다. 매수/매도 조언·사이즈 권고 없음(P4). 단위를 재줄 뿐이다.
[saved] C:\Users\fivep\DeGaJaFinance\llm_outputs\2026-09-06\RISK_UNITS.json
