[info] shortlist 15종 — KIS 투자자별 순매수 조회(20일) …

[saved] C:\Users\fivep\DeGaJaFinance\llm_outputs\2026-09-14\industry_KR\KR_LIVE_SHORTLIST.json
# KR LIVE SHORTLIST — 와이드스윕→필터→KIS 실측  (asof 2026-09-14)
필터: 시총≥1.0조 · 태그 🟢가속 · flow_score desc top15 → 15종 · KIS 투자자 20일 누적

TICKER     종목          flow    뉴스   OBV  RS20     외국인      기관      개인  판정
443060.KS  HD현대마린솔루션  +1.00   n/a +0.23  26.2     +6만    +12만    -18만  ✅진짜손(외국인/기관 순매수)
047040.KS  대우건설       +1.00   n/a +0.39   8.5   -425만   +226만   +194만  ❌약한손(개인 흡수·외국인 이탈)
000990.KS  DB하이텍      +1.00  4.29 +0.30  11.5   -133만    +77만    +55만  ❌약한손(개인 흡수·외국인 이탈)
052690.KS  한전기술       +1.00   n/a +0.68  43.5    -92만    +43만    +49만  ❌약한손(개인 흡수·외국인 이탈)
012630.KS  HDC        +1.00  4.29 +0.50  27.9    +39만     -2만    -33만  ✅진짜손(외국인/기관 순매수)
375500.KS  DL이앤씨      +0.94   n/a +0.43  19.3    -57만    +60만   -124만  ✅진짜손(외국인/기관 순매수)
020150.KS  롯데에너지머티리얼  +0.94  4.29 +0.31  16.7    -69만    +68만     +1만  ❌약한손(개인 흡수·외국인 이탈)
000500.KS  가온전선       +0.85   n/a +0.39  52.2     +9만    +33만    -43만  ✅진짜손(외국인/기관 순매수)
023590.KS  다우기술       +0.85   n/a +0.18   5.7     -1만     +4만     -4만  ✅진짜손(외국인/기관 순매수)
336260.KS  두산퓨얼셀      +0.83   n/a +0.17  31.6   -168만   +143만    +21만  ❌약한손(개인 흡수·외국인 이탈)
000720.KS  현대건설       +0.83  4.29 +0.27  14.8   -146만   +227만    -82만  ✅진짜손(외국인/기관 순매수)
051600.KS  한전KPS      +0.82   n/a +0.33   6.3    -23만    +11만     -5만  △혼조
062040.KS  산일전기       +0.79   n/a +0.31  13.3    -42만    +15만    +26만  ❌약한손(개인 흡수·외국인 이탈)
023530.KS  롯데쇼핑       +0.73  4.29 +0.33  19.3    -26만    +11만    -38만  △혼조
004020.KS  현대제철       +0.68  4.29 +0.23  15.3   -188만   +196만    -79만  ✅진짜손(외국인/기관 순매수)

★ 진짜 LIVE (🟢 AND 외국인/기관 순매수): HD현대마린솔루션(443060.KS), HDC(012630.KS), DL이앤씨(375500.KS), 가온전선(000500.KS), 다우기술(023590.KS), 현대건설(000720.KS), 현대제철(004020.KS)

해석: 외국인+기관 순매수(진짜손) = OBV '매집'을 실측 확증 · 개인 흡수(약한손) = 🟢를 무효화(꼭지위험).
