python : [warn] 유니버스 kr_all.csv 30일 경과 — 시총 stale. build_kr_universe.py 재빌드 권장(주1회).
At line:1 char:335
+ ... aJaFinance; python -X utf8 scripts/sector_flow.py --market kr 2>&1 |  ...
+                 ~~~~~~~~~~~~~~~~~~~~~~~~~~~~~~~~~~~~~~~~~~~~~~~~~~~~~~
    + CategoryInfo          : NotSpecified: ([warn] 유니버스 kr_...py 재빌드 권장(주1회).:String) [], RemoteException
    + FullyQualifiedErrorId : NativeCommandError
 
[dl] yfinance 배치 833종목 4mo …
[dl] 완료 → prices_kr_2026-08-14.pkl
[flow] 832종목 축 계산 …
  … 50/832
  … 100/832
  … 150/832
  … 200/832
  … 250/832
C:\Users\fivep\DeGaJaFinance\module_flow\_price_flow.py:41: RuntimeWarning: invalid value encountered in scalar divide
  vsurge = round(float(vol.tail(5).mean() / vol.tail(50).mean()), 2)
C:\Users\fivep\DeGaJaFinance\module_flow\_price_flow.py:41: RuntimeWarning: invalid value encountered in scalar divide
  vsurge = round(float(vol.tail(5).mean() / vol.tail(50).mean()), 2)
  … 300/832
  … 350/832
  … 400/832
C:\Users\fivep\DeGaJaFinance\module_flow\_price_flow.py:41: RuntimeWarning: invalid value encountered in scalar divide
  vsurge = round(float(vol.tail(5).mean() / vol.tail(50).mean()), 2)
  … 450/832
C:\Users\fivep\DeGaJaFinance\module_flow\_price_flow.py:41: RuntimeWarning: invalid value encountered in scalar divide
  vsurge = round(float(vol.tail(5).mean() / vol.tail(50).mean()), 2)
  … 500/832
  … 550/832
C:\Users\fivep\DeGaJaFinance\module_flow\_price_flow.py:41: RuntimeWarning: invalid value encountered in scalar divide
  vsurge = round(float(vol.tail(5).mean() / vol.tail(50).mean()), 2)
  … 600/832
C:\Users\fivep\DeGaJaFinance\module_flow\_price_flow.py:41: RuntimeWarning: invalid value encountered in scalar divide
  vsurge = round(float(vol.tail(5).mean() / vol.tail(50).mean()), 2)
C:\Users\fivep\DeGaJaFinance\module_flow\_price_flow.py:41: RuntimeWarning: invalid value encountered in scalar divide
  vsurge = round(float(vol.tail(5).mean() / vol.tail(50).mean()), 2)
  … 650/832
  … 700/832
C:\Users\fivep\DeGaJaFinance\module_flow\_price_flow.py:41: RuntimeWarning: invalid value encountered in scalar divide
  vsurge = round(float(vol.tail(5).mean() / vol.tail(50).mean()), 2)
C:\Users\fivep\DeGaJaFinance\module_flow\_price_flow.py:41: RuntimeWarning: invalid value encountered in scalar divide
  vsurge = round(float(vol.tail(5).mean() / vol.tail(50).mean()), 2)
C:\Users\fivep\DeGaJaFinance\module_flow\_price_flow.py:41: RuntimeWarning: invalid value encountered in scalar divide
  vsurge = round(float(vol.tail(5).mean() / vol.tail(50).mean()), 2)
C:\Users\fivep\DeGaJaFinance\module_flow\_price_flow.py:41: RuntimeWarning: invalid value encountered in scalar divide
  vsurge = round(float(vol.tail(5).mean() / vol.tail(50).mean()), 2)
  … 750/832
C:\Users\fivep\DeGaJaFinance\module_flow\_price_flow.py:41: RuntimeWarning: invalid value encountered in scalar divide
  vsurge = round(float(vol.tail(5).mean() / vol.tail(50).mean()), 2)
C:\Users\fivep\DeGaJaFinance\module_flow\_price_flow.py:41: RuntimeWarning: invalid value encountered in scalar divide
  vsurge = round(float(vol.tail(5).mean() / vol.tail(50).mean()), 2)
C:\Users\fivep\DeGaJaFinance\module_flow\_price_flow.py:41: RuntimeWarning: invalid value encountered in scalar divide
  vsurge = round(float(vol.tail(5).mean() / vol.tail(50).mean()), 2)
  … 800/832
C:\Users\fivep\DeGaJaFinance\module_flow\_price_flow.py:41: RuntimeWarning: invalid value encountered in scalar divide
  vsurge = round(float(vol.tail(5).mean() / vol.tail(50).mean()), 2)
C:\Users\fivep\DeGaJaFinance\module_flow\_price_flow.py:41: RuntimeWarning: invalid value encountered in scalar divide
  vsurge = round(float(vol.tail(5).mean() / vol.tail(50).mean()), 2)
C:\Users\fivep\DeGaJaFinance\module_flow\_price_flow.py:41: RuntimeWarning: invalid value encountered in scalar divide
  vsurge = round(float(vol.tail(5).mean() / vol.tail(50).mean()), 2)
C:\Users\fivep\DeGaJaFinance\module_flow\_price_flow.py:41: RuntimeWarning: invalid value encountered in scalar divide
  vsurge = round(float(vol.tail(5).mean() / vol.tail(50).mean()), 2)
C:\Users\fivep\DeGaJaFinance\module_flow\_price_flow.py:41: RuntimeWarning: invalid value encountered in scalar divide
  vsurge = round(float(vol.tail(5).mean() / vol.tail(50).mean()), 2)
C:\Users\fivep\DeGaJaFinance\module_flow\_price_flow.py:41: RuntimeWarning: invalid value encountered in scalar divide
  vsurge = round(float(vol.tail(5).mean() / vol.tail(50).mean()), 2)
[axis] velocity 측정 51/827 = 6.2% → 속도축 제외(전원 3축) · 기준 80% (D225-KR)
🚨 [axis] 뉴스축이 이 런에서 **죽었다** (측정 6.2%). 「기사가 없다」가 아니라 「세지 못했다」일 가능성이 높다 — 뉴스 검색은 원격 API 를 타고, 그 터널이 끊기면 velocity 가 전부 N
one 이 되는데 그게 '무기사'와 구분되지 않는다.
   확인: python -X utf8 -m module_news_data fts search 삼성전자 --days 7 --count · 로컬 폴백 색인 존재 여부 · DEGAJA_NEWS_API
   ⚠ 예전 구현은 이 상황에서 축을 조용히 드롭해 **전 종목 점수를 평균 +0.305 부풀렸다.** 지금은 전원 동일 축으로 매기고 이 줄을 남긴다.
[axis] 축 결측으로 점수 미부여 20종목 — 집계 제외 (예전엔 clip(nan)=+1.0 로 **최대 양수**를 받았다)
# SECTOR FLOW — 유니버스 수급 와이드 스윕  (asof 2026-08-12, n=807/832)
시총가중 유니버스 flow -0.197  ·  🟢74 🟡668 🔴65  ·  breadth(🟢%) 9%
신규🟢(오늘 첫 가속): 001820.KS(+1.00), 003520.KS(+0.91), 003720.KS(+0.90), 078930.KS(+0.83), 002420.KS(+0.83), 007980.KS(+0.83), 005820.KS(+0.81), 009770.KS(+0.76), 015860.KS(+0.76), 483650.KS(+0.68), 101140.KS(+0.49), 004920.KS(+0.41)

## 섹터 로테이션 (시총가중 flow 순)
SECTOR                       wFlow      Δ   eqFlow      🟢/n  breadth
제약                          +0.611    ▲0.00   +0.280     4/48     8%
금속                          +0.609    ▲0.00   +0.278     3/59     5%
IT 서비스                      +0.511    ▲0.01   +0.333     4/25    16%
건설                          +0.493    ▼0.03   +0.351     2/26     8%
부동산                         +0.305    ─0.00   +0.334      1/2    50%
화학                          +0.303    ▼0.10   +0.208   16/101    16%
음식료·담배                      +0.299    ▼0.15   +0.190     4/37    11%
일반서비스                       +0.281    ▼0.02   +0.287     3/33     9%
통신                          +0.270    ▼0.04   +0.180      0/5     0%  🚨1名
운송·창고                       +0.208    ▼0.07   -0.043     0/24     0%
리츠                          +0.114    ▼0.01   +0.087     0/21     0%
운송장비·부품                     +0.112    ▼0.07   +0.064     0/58     0%
미분류                         +0.109    ▼0.20   -0.295      0/2     0%  🚨1名
기계·장비                       +0.103    ▼0.15   +0.238     4/28    14%  🚨1名
종이·목재                       +0.101    ▼0.09   +0.132     1/17     6%
섬유·의류                       +0.042    ▼0.02   +0.237     4/27    15%
유통                          +0.011    ▼0.15   +0.156     8/59    14%  🚨1名
외국증권                        -0.037    ▼0.46   -0.037      0/1     0%
전기·가스                       -0.041    ▼0.25   +0.336     2/10    20%  🚨1名
의료·정밀기기                     -0.093    ▼0.13   +0.248      1/8    12%  🚨1名
비금속                         -0.113    ▼0.07   -0.009     1/21     5%
제조                          -0.114    ▼0.10   -0.125      0/8     0%
금융                          -0.254    ▼0.08   +0.163     7/75     9%
인프라투용                       -0.349    ▼0.13   -0.349      0/1     0%
보험                          -0.359    ▼0.40   +0.130     0/12     0%  🚨1名
전기·전자                       -0.362    ▼0.05   +0.153     7/66    11%
증권                          -0.368    ▼0.24   -0.065     1/18     6%
오락·문화                       -0.424    ▼0.07   +0.097     1/13     8%  🚨1名

🚨 최대 종목 1개를 빼면 **부호가 뒤집히는** 섹터 8개 (D9) — 이 버킷으로는 승격도 강등도 정당화할 수 없다:
   미분류            +0.109 → ex-신라교역 -0.883  (그 이름이 섹터 시총의 84.4%, n=2)
   전기·가스          -0.041 → ex-한국전력 +0.575  (그 이름이 섹터 시총의 79.9%, n=10)
   오락·문화          -0.424 → ex-하이브 +0.071  (그 이름이 섹터 시총의 58.7%, n=13)
   보험             -0.359 → ex-삼성생명 +0.122  (그 이름이 섹터 시총의 53.4%, n=12)
   유통             +0.011 → ex-삼성물산 -0.043  (그 이름이 섹터 시총의 52.7%, n=59)
   통신             +0.270 → ex-SK텔레콤 -0.059  (그 이름이 섹터 시총의 48.2%, n=5)
   기계·장비          +0.103 → ex-두산에너빌리티 -0.037  (그 이름이 섹터 시총의 47.3%, n=28)
   의료·정밀기기        -0.093 → ex-케이씨텍 +0.355  (그 이름이 섹터 시총의 41.4%, n=8)

Δ상승: 032350.KS ▲0.86, 484870.KS ▲0.71, 214330.KS ▲0.71, 271940.KS ▲0.55, 001560.KS ▲0.55, 114090.KS ▲0.54
Δ하락: 000850.KS ▼0.83, 042700.KS ▼0.81, 465770.KS ▼0.70, 005680.KS ▼0.70, 010960.KS ▼0.70, 004830.KS ▼0.69

## 종목 상·하위 12 (flow_score 순)
TICKER  SEC              flow      Δ  tag       OBV   RS20    서지   vel
010130.KS금속             +1.000    ─0.00  🟢가속     +0.27   24.9  1.69  0.55
009830.KS화학             +1.000    ─0.00  🟢가속     +0.41   22.7  2.85   n/a
066970.KS전기·전자          +1.000    ─0.00  🟢가속     +0.20   11.9  1.86   n/a
010060.KS금융             +1.000    ─0.00  🟢가속     +0.37   40.7   1.8   n/a
011780.KS화학             +1.000    ─0.00  🟢가속     +0.22   13.8  2.41   n/a
161890.KS화학             +1.000    ─0.00  🟢가속     +0.48   30.2  2.32   n/a
192820.KS화학             +1.000    ─0.00  🟢가속     +0.33   42.5  2.33   n/a
181710.KSIT 서비스         +1.000    ─0.00  🟢가속     +0.72   80.5  3.31   n/a
089860.KS일반서비스          +1.000    ─0.00  🟢가속     +0.35   29.1   3.0   n/a
280360.KS음식료·담배         +1.000    ─0.00  🟢가속     +0.29   23.0  2.67   n/a
001820.KS전기·전자          +1.000    ▲0.43  🟢가속     +0.63   10.9  1.84   n/a
071320.KS전기·가스          +1.000    ─0.00  🟢가속     +0.46   19.4  2.17   n/a
030720.KS미분류            -0.883    ▼0.59  🔴분산     -0.59   -8.8  0.61   n/a
402340.KS금융             -0.906    ▼0.03  🔴분산     -0.37  -15.1  0.57  0.57
012690.KS종이·목재          -0.912    ▼0.58  🔴분산     -0.58   -5.9  0.19   n/a
084680.KS제조             -0.933    ▲0.04  🔴분산     -0.40  -18.0  0.52   n/a
093240.KS섬유·의류          -0.939    ▼0.20  🔴분산     -0.32  -24.7  0.51   n/a
024890.KS화학             -0.950    ▼0.01  🔴분산     -0.41  -14.6  0.49   n/a
000400.KS보험             -1.000    ─0.00  🔴분산     -0.48  -21.1  0.32   n/a
000020.KS제약             -1.000    ▼0.67  🔴분산     -0.78  -10.4  0.37   n/a
025620.KS화학             -1.000    ▼0.03  🔴분산     -0.32  -11.7  0.24   n/a
015590.KS기계·장비          -1.000    ▼0.21  🔴분산     -0.16  -10.2  0.26   n/a
003780.KS화학             -1.000    ─0.00  🔴분산     -0.26  -12.3  0.24   n/a
051630.KS화학             -1.000    ─0.00  🔴분산     -0.72  -30.9   0.1   n/a

범례: flow_score∈[-1,1]=3축(OBV매집·RS20·거래량서지 — 뉴스축 제외) 클립평균 · 태그=flow_read 권위값 · wFlow=시총가중 · Δ=직전 스냅샷 대비 · breadth=섹터 내 🟢 비율
⚠ 이 런은 뉴스축 없이 매겼다 — 점수를 4축 런의 점수와 직접 비교하지 마라(척도가 다르다).
